{"ruta": "J:\\Documentos\\Dev\\retoAdAstraParte1\\data\\Extracto_Preguntas_50_v2.pdf", "razon": "indice_maestro_no_corpus"}
{"ruta": "J:\\Documentos\\Dev\\retoAdAstraParte1\\data\\Indice_Datos_Codefest.xlsx", "razon": "indice_maestro_no_corpus"}
{"ruta": "J:\\Documentos\\Dev\\retoAdAstraParte1\\data\\F1_IA_y_Capacidades_Estrategicas\\.DS_Store", "razon": "artefacto_sistema"}
{"ruta": "J:\\Documentos\\Dev\\retoAdAstraParte1\\data\\F1_IA_y_Capacidades_Estrategicas\\AI_Index_Stanford\\.DS_Store", "razon": "artefacto_sistema"}
{"ruta": "J:\\Documentos\\Dev\\retoAdAstraParte1\\data\\F1_IA_y_Capacidades_Estrategicas\\AI_Index_Stanford\\recursos\\Research_Development\\datasets\\AIINDEX_mag-author-lifecycle-xlsx.xlsx", "razon": "tabular_sin_contenido_descriptivo"}
{"ruta": "J:\\Documentos\\Dev\\retoAdAstraParte1\\data\\F1_IA_y_Capacidades_Estrategicas\\AI_Index_Stanford\\recursos\\Research_Development\\datasets\\AIINDEX_mag-conferences-list-xlsx.xlsx", "razon": "tabular_sin_contenido_descriptivo"}
{"ruta": "J:\\Documentos\\Dev\\retoAdAstraParte1\\data\\F1_IA_y_Capacidades_Estrategicas\\AI_Index_Stanford\\recursos\\Research_Development\\datasets\\AIINDEX_mag-publications-fields-xlsx.xlsx", "razon": "tabular_sin_contenido_descriptivo"}
{"ruta": "J:\\Documentos\\Dev\\retoAdAstraParte1\\data\\F1_IA_y_Capacidades_Estrategicas\\AI_Index_Stanford\\recursos\\Research_Development\\datasets\\AIINDEX_pubmed-ai-timeline-csv.csv", "razon": "tabular_sin_contenido_descriptivo"}
{"ruta": "J:\\Documentos\\Dev\\retoAdAstraParte1\\data\\F1_IA_y_Capacidades_Estrategicas\\AI_Index_Stanford\\recursos\\Research_Development\\datasets\\AIINDEX_pubmed-cv-timeline-csv.csv", "razon": "tabular_sin_contenido_descriptivo"}
{"ruta": "J:\\Documentos\\Dev\\retoAdAstraParte1\\data\\F1_IA_y_Capacidades_Estrategicas\\AI_Index_Stanford\\recursos\\Research_Development\\datasets\\AIINDEX_pubmed-ml-timeline-csv.csv", "razon": "tabular_sin_contenido_descriptivo"}
{"ruta": "J:\\Documentos\\Dev\\retoAdAstraParte1\\data\\F1_IA_y_Capacidades_Estrategicas\\AI_Index_Stanford\\recursos\\Research_Development\\datasets\\AIINDEX_pubmed-nlp-timeline-csv.csv", "razon": "tabular_sin_contenido_descriptivo"}
{"ruta": "J:\\Documentos\\Dev\\retoAdAstraParte1\\data\\F1_IA_y_Capacidades_Estrategicas\\AI_Index_Stanford\\recursos\\Research_Development\\datasets\\AIINDEX_pubmed-robotics-timeline-csv.csv", "razon": "tabular_sin_contenido_descriptivo"}
{"ruta": "J:\\Documentos\\Dev\\retoAdAstraParte1\\data\\F1_IA_y_Capacidades_Estrategicas\\Atlantic_Council\\.DS_Store", "razon": "artefacto_sistema"}
{"ruta": "J:\\Documentos\\Dev\\retoAdAstraParte1\\data\\F1_IA_y_Capacidades_Estrategicas\\CENIA\\paginas\\CENIA_dates.json", "razon": "json_sin_contenido_indexable"}
{"ruta": "J:\\Documentos\\Dev\\retoAdAstraParte1\\data\\F1_IA_y_Capacidades_Estrategicas\\CENIA\\paginas\\CENIA_fechas.json", "razon": "json_sin_contenido_indexable"}
{"ruta": "J:\\Documentos\\Dev\\retoAdAstraParte1\\data\\F1_IA_y_Capacidades_Estrategicas\\CENIA\\paginas\\CENIA_lineas-de-investigacion.json", "razon": "json_sin_contenido_indexable"}
{"ruta": "J:\\Documentos\\Dev\\retoAdAstraParte1\\data\\F1_IA_y_Capacidades_Estrategicas\\CENIA\\paginas\\CENIA_research-lines.json", "razon": "json_sin_contenido_indexable"}
{"ruta": "J:\\Documentos\\Dev\\retoAdAstraParte1\\data\\F1_IA_y_Capacidades_Estrategicas\\DAIO\\daio_pdfs\\DAIO_catalog-2.json", "razon": "catalogo_metadata_no_indexable"}
{"ruta": "J:\\Documentos\\Dev\\retoAdAstraParte1\\data\\F1_IA_y_Capacidades_Estrategicas\\Defensa21_LatAm\\defensa21_data\\DEFENSA21_articulos-2.json", "razon": "json_sin_contenido_indexable"}
{"ruta": "J:\\Documentos\\Dev\\retoAdAstraParte1\\data\\F1_IA_y_Capacidades_Estrategicas\\Defensa21_LatAm\\defensa21_data\\DEFENSA21_catalog-2.json", "razon": "catalogo_metadata_no_indexable"}
{"ruta": "J:\\Documentos\\Dev\\retoAdAstraParte1\\data\\F1_IA_y_Capacidades_Estrategicas\\RutaN_GEIAL\\rutan_pdfs\\RUTAN_catalog-2.json", "razon": "catalogo_metadata_no_indexable"}
{"ruta": "J:\\Documentos\\Dev\\retoAdAstraParte1\\data\\F2_Seguridad_Entorno_Espacial\\.DS_Store", "razon": "artefacto_sistema"}
{"ruta": "J:\\Documentos\\Dev\\retoAdAstraParte1\\data\\F2_Seguridad_Entorno_Espacial\\CSIS_Aerospace\\.DS_Store", "razon": "artefacto_sistema"}
{"ruta": "J:\\Documentos\\Dev\\retoAdAstraParte1\\data\\F2_Seguridad_Entorno_Espacial\\CSIS_Aerospace\\csis_pdfs\\CSIS_catalog-2.json", "razon": "catalogo_metadata_no_indexable"}
{"ruta": "J:\\Documentos\\Dev\\retoAdAstraParte1\\data\\F2_Seguridad_Entorno_Espacial\\CSIS_Aerospace\\pdfs_full\\.DS_Store", "razon": "artefacto_sistema"}
{"ruta": "J:\\Documentos\\Dev\\retoAdAstraParte1\\data\\F2_Seguridad_Entorno_Espacial\\SWF_Counterspace\\swf_counterspace_2026\\images\\SWF_68239a54783e8c917bedf423-hs-2025-victoriasamson-web.avif", "razon": "imagen_sin_ocr_solicitado"}
{"ruta": "J:\\Documentos\\Dev\\retoAdAstraParte1\\data\\F2_Seguridad_Entorno_Espacial\\SWF_Counterspace\\swf_counterspace_2026\\images\\SWF_68399caedbb7cbe28229c326-38236.jpg", "razon": "imagen_sin_ocr_solicitado"}
{"ruta": "J:\\Documentos\\Dev\\retoAdAstraParte1\\data\\F2_Seguridad_Entorno_Espacial\\SWF_Counterspace\\swf_counterspace_2026\\images\\SWF_68399cb24dc4a66ec0d2c535-s43-83-082orig.jpg", "razon": "imagen_sin_ocr_solicitado"}
{"ruta": "J:\\Documentos\\Dev\\retoAdAstraParte1\\data\\F2_Seguridad_Entorno_Espacial\\SWF_Counterspace\\swf_counterspace_2026\\images\\SWF_68399cb30e67dd1473cc427a-sts063-712-072medium.jpg", "razon": "imagen_sin_ocr_solicitado"}
{"ruta": "J:\\Documentos\\Dev\\retoAdAstraParte1\\data\\F2_Seguridad_Entorno_Espacial\\SWF_Counterspace\\swf_counterspace_2026\\images\\SWF_685948b82c82d26ce150c2a9-kbrett.jpg", "razon": "imagen_sin_ocr_solicitado"}
{"ruta": "J:\\Documentos\\Dev\\retoAdAstraParte1\\data\\F2_Seguridad_Entorno_Espacial\\SWF_Counterspace\\swf_counterspace_2026\\images\\SWF_69cac182eba666b43b38e5dd-table-5-1-web.jpg", "razon": "imagen_sin_ocr_solicitado"}
{"ruta": "J:\\Documentos\\Dev\\retoAdAstraParte1\\data\\F2_Seguridad_Entorno_Espacial\\SWF_Counterspace\\swf_counterspace_2026\\images\\SWF_69caf750b6a0fce65862de8a-stoplight-chart-execsummary-web.jpg", "razon": "imagen_sin_ocr_solicitado"}
{"ruta": "J:\\Documentos\\Dev\\retoAdAstraParte1\\data\\F2_Seguridad_Entorno_Espacial\\SWF_Counterspace\\swf_counterspace_2026\\images\\SWF_69d5661917fa2d73b0e69452-cscr-head.jpg", "razon": "imagen_sin_ocr_solicitado"}
{"ruta": "J:\\Documentos\\Dev\\retoAdAstraParte1\\data\\F2_Seguridad_Entorno_Espacial\\SWF_Counterspace\\swf_counterspace_2026\\images\\SWF_6a063f3ccaf9f32a290430b9-asat-by-country-2026.jpg", "razon": "imagen_sin_ocr_solicitado"}
{"ruta": "J:\\Documentos\\Dev\\retoAdAstraParte1\\data\\F3_Dinamicas_Territoriales\\.DS_Store", "razon": "artefacto_sistema"}
{"ruta": "J:\\Documentos\\Dev\\retoAdAstraParte1\\data\\F3_Dinamicas_Territoriales\\FASE ORDENADA CODEFEST.xlsx", "razon": "indice_maestro_no_corpus"}
{"ruta": "J:\\Documentos\\Dev\\retoAdAstraParte1\\data\\F3_Dinamicas_Territoriales\\Alertas_Tempranas\\.DS_Store", "razon": "artefacto_sistema"}
{"ruta": "J:\\Documentos\\Dev\\retoAdAstraParte1\\data\\F3_Dinamicas_Territoriales\\Alertas_Tempranas\\pdfs\\.DS_Store", "razon": "artefacto_sistema"}
{"ruta": "J:\\Documentos\\Dev\\retoAdAstraParte1\\data\\F3_Dinamicas_Territoriales\\Amazon_Underworld\\AMAZONUW_amazonunderworld-data.csv", "razon": "tabular_sin_contenido_descriptivo"}
{"ruta": "J:\\Documentos\\Dev\\retoAdAstraParte1\\data\\F3_Dinamicas_Territoriales\\Amazon_Underworld\\AMAZONUW_tiles-index.json", "razon": "json_sin_contenido_indexable"}
{"ruta": "J:\\Documentos\\Dev\\retoAdAstraParte1\\data\\F3_Dinamicas_Territoriales\\Amazon_Underworld\\tiles\\5\\12\\AMAZONUW_17.pbf", "razon": "tipo_no_textual_geoespacial"}
{"ruta": "J:\\Documentos\\Dev\\retoAdAstraParte1\\data\\F3_Dinamicas_Territoriales\\Amazon_Underworld\\tiles\\6\\16\\AMAZONUW_30.pbf", "razon": "tipo_no_textual_geoespacial"}
{"ruta": "J:\\Documentos\\Dev\\retoAdAstraParte1\\data\\F3_Dinamicas_Territoriales\\Amazon_Underworld\\tiles\\6\\16\\AMAZONUW_31.pbf", "razon": "tipo_no_textual_geoespacial"}
{"ruta": "J:\\Documentos\\Dev\\retoAdAstraParte1\\data\\F3_Dinamicas_Territoriales\\Amazon_Underworld\\tiles\\6\\17\\AMAZONUW_30.pbf", "razon": "tipo_no_textual_geoespacial"}
{"ruta": "J:\\Documentos\\Dev\\retoAdAstraParte1\\data\\F3_Dinamicas_Territoriales\\Amazon_Underworld\\tiles\\6\\17\\AMAZONUW_32.pbf", "razon": "tipo_no_textual_geoespacial"}
{"ruta": "J:\\Documentos\\Dev\\retoAdAstraParte1\\data\\F3_Dinamicas_Territoriales\\Amazon_Underworld\\tiles\\6\\17\\AMAZONUW_33.pbf", "razon": "tipo_no_textual_geoespacial"}
{"ruta": "J:\\Documentos\\Dev\\retoAdAstraParte1\\data\\F3_Dinamicas_Territoriales\\Amazon_Underworld\\tiles\\6\\18\\AMAZONUW_31.pbf", "razon": "tipo_no_textual_geoespacial"}
{"ruta": "J:\\Documentos\\Dev\\retoAdAstraParte1\\data\\F3_Dinamicas_Territoriales\\Amazon_Underworld\\tiles\\6\\19\\AMAZONUW_31.pbf", "razon": "tipo_no_textual_geoespacial"}
{"ruta": "J:\\Documentos\\Dev\\retoAdAstraParte1\\data\\F3_Dinamicas_Territoriales\\Amazon_Underworld\\tiles\\6\\19\\AMAZONUW_34.pbf", "razon": "tipo_no_textual_geoespacial"}
{"ruta": "J:\\Documentos\\Dev\\retoAdAstraParte1\\data\\F3_Dinamicas_Territoriales\\Amazon_Underworld\\tiles\\6\\19\\AMAZONUW_35.pbf", "razon": "tipo_no_textual_geoespacial"}
{"ruta": "J:\\Documentos\\Dev\\retoAdAstraParte1\\data\\F3_Dinamicas_Territoriales\\Amazon_Underworld\\tiles\\6\\21\\AMAZONUW_31.pbf", "razon": "tipo_no_textual_geoespacial"}
{"ruta": "J:\\Documentos\\Dev\\retoAdAstraParte1\\data\\F3_Dinamicas_Territoriales\\Amazon_Underworld\\tiles\\6\\22\\AMAZONUW_30.pbf", "razon": "tipo_no_textual_geoespacial"}
{"ruta": "J:\\Documentos\\Dev\\retoAdAstraParte1\\data\\F3_Dinamicas_Territoriales\\Amazon_Underworld\\tiles\\6\\22\\AMAZONUW_31.pbf", "razon": "tipo_no_textual_geoespacial"}
{"ruta": "J:\\Documentos\\Dev\\retoAdAstraParte1\\data\\F3_Dinamicas_Territoriales\\Amazon_Underworld\\tiles\\6\\23\\AMAZONUW_30.pbf", "razon": "tipo_no_textual_geoespacial"}
{"ruta": "J:\\Documentos\\Dev\\retoAdAstraParte1\\data\\F3_Dinamicas_Territoriales\\Amazon_Underworld\\tiles\\6\\23\\AMAZONUW_31.pbf", "razon": "tipo_no_textual_geoespacial"}
{"ruta": "J:\\Documentos\\Dev\\retoAdAstraParte1\\data\\F3_Dinamicas_Territoriales\\Amazon_Underworld\\tiles\\6\\24\\AMAZONUW_32.pbf", "razon": "tipo_no_textual_geoespacial"}
{"ruta": "J:\\Documentos\\Dev\\retoAdAstraParte1\\data\\F3_Dinamicas_Territoriales\\Amazon_Underworld\\tiles\\6\\24\\AMAZONUW_35.pbf", "razon": "tipo_no_textual_geoespacial"}
{"ruta": "J:\\Documentos\\Dev\\retoAdAstraParte1\\data\\F3_Dinamicas_Territoriales\\Amazon_Underworld\\tiles\\6\\25\\AMAZONUW_35.pbf", "razon": "tipo_no_textual_geoespacial"}
{"ruta": "J:\\Documentos\\Dev\\retoAdAstraParte1\\data\\F3_Dinamicas_Territoriales\\CEEEP\\ceeep_catalogo.json", "razon": "catalogo_metadata_no_indexable"}
{"ruta": "J:\\Documentos\\Dev\\retoAdAstraParte1\\data\\F3_Dinamicas_Territoriales\\CEEEP\\ceeep_registro.json", "razon": "catalogo_metadata_no_indexable"}
{"ruta": "J:\\Documentos\\Dev\\retoAdAstraParte1\\data\\F3_Dinamicas_Territoriales\\CEOBS\\ceobs_full_catalogo.json", "razon": "catalogo_metadata_no_indexable"}
{"ruta": "J:\\Documentos\\Dev\\retoAdAstraParte1\\data\\F3_Dinamicas_Territoriales\\CEOBS\\ceobs_full_registro.json", "razon": "catalogo_metadata_no_indexable"}
{"ruta": "J:\\Documentos\\Dev\\retoAdAstraParte1\\data\\F3_Dinamicas_Territoriales\\CEOBS\\ceobs_data\\CEOBS_catalog-2.json", "razon": "catalogo_metadata_no_indexable"}
{"ruta": "J:\\Documentos\\Dev\\retoAdAstraParte1\\data\\F3_Dinamicas_Territoriales\\MAPP_OEA\\mapp_catalogo.json", "razon": "catalogo_metadata_no_indexable"}
{"ruta": "J:\\Documentos\\Dev\\retoAdAstraParte1\\data\\F3_Dinamicas_Territoriales\\MAPP_OEA\\mapp_registro.json", "razon": "catalogo_metadata_no_indexable"}
{"ruta": "J:\\Documentos\\Dev\\retoAdAstraParte1\\data\\F3_Dinamicas_Territoriales\\MAPP_OEA\\oea\\mapp_oea_informes\\MAPPOEA_mapp-catalog.json", "razon": "catalogo_metadata_no_indexable"}
{"ruta": "J:\\Documentos\\Dev\\retoAdAstraParte1\\data\\F3_Dinamicas_Territoriales\\RESDAL\\resdal_catalogo.json", "razon": "catalogo_metadata_no_indexable"}
{"ruta": "J:\\Documentos\\Dev\\retoAdAstraParte1\\data\\F3_Dinamicas_Territoriales\\RESDAL\\resdal_registro.json", "razon": "catalogo_metadata_no_indexable"}
{"ruta": "J:\\Documentos\\Dev\\retoAdAstraParte1\\data\\F3_Dinamicas_Territoriales\\RESDAL\\resdal_atlas\\RESDAL_catalog-2.json", "razon": "catalogo_metadata_no_indexable"}
{"ruta": "J:\\Documentos\\Dev\\retoAdAstraParte1\\data\\F3_Dinamicas_Territoriales\\SIPRI\\sipri_full_catalogo.json", "razon": "catalogo_metadata_no_indexable"}
{"ruta": "J:\\Documentos\\Dev\\retoAdAstraParte1\\data\\F3_Dinamicas_Territoriales\\SIPRI\\sipri_full_registro.json", "razon": "catalogo_metadata_no_indexable"}
{"ruta": "J:\\Documentos\\Dev\\retoAdAstraParte1\\data\\F3_Dinamicas_Territoriales\\SIPRI\\sipri_data\\SIPRI_catalog-2.json", "razon": "catalogo_metadata_no_indexable"}
